<html>
<body>
<pre>
<h1>礦ision Build Log</h1>
<h2>Tool Versions:</h2>
IDE-Version: μVision V5.15
Copyright (C) 2015 ARM Ltd and ARM Germany GmbH. All rights reserved.
License Information: Dang Bing, efewt34, LIC=LSNII-TIWEQ-YVF1Y-IEIAF-GN90I-3VA5A
 
Tool Versions:
Toolchain:       MDK-ARM Standard  Version: 5.15.0
Toolchain Path:  C:\keil5\ARM\ARMCC\Bin
C Compiler:      Armcc.exe V5.05 update 2 (build 169)
Assembler:       Armasm.exe V5.05 update 2 (build 169)
Linker/Locator:  ArmLink.exe V5.05 update 2 (build 169)
Library Manager: ArmAr.exe V5.05 update 2 (build 169)
Hex Converter:   FromElf.exe V5.05 update 2 (build 169)
CPU DLL:         SARMCM3.DLL V5.15.0
Dialog DLL:      DARMSTM.DLL V1.65.0.0
Target DLL:      Segger\JL2CM3.dll V2.99.15.0
Dialog DLL:      TARMSTM.DLL V1.64.0.0
 
<h2>Project:</h2>
C:\Users\Administrator\Desktop\战舰+左、右侧角度传感器\USER\Test.uvprojx
Project File Date:  06/16/2018

<h2>Output:</h2>
*** Using Compiler 'V5.05 update 2 (build 169)', folder: 'C:\keil5\ARM\ARMCC\Bin'
Build target 'ROBET'
compiling main.c...
..\HAREWARE\PWM\pwm.h(10): warning:  #1-D: last line of file ends without a newline
  #endif
..\HAREWARE\USART2\usart2.h(62): warning:  #1-D: last line of file ends without a newline
  #endif
..\HAREWARE\USART3\usart3.h(64): warning:  #1-D: last line of file ends without a newline
  #endif
..\HAREWARE\USART5\usart5.h(63): warning:  #1-D: last line of file ends without a newline
  #endif
..\HAREWARE\MOTOR\motor.h(27): warning:  #1-D: last line of file ends without a newline
  #endif
main.c(112): warning:  #1-D: last line of file ends without a newline
  }
main.c: 6 warnings, 0 errors
compiling stm32f10x_it.c...
compiling system_stm32f10x.c...
compiling core_cm3.c...
assembling startup_stm32f10x_hd.s...
compiling misc.c...
compiling stm32f10x_adc.c...
compiling stm32f10x_bkp.c...
compiling stm32f10x_can.c...
compiling stm32f10x_cec.c...
compiling stm32f10x_crc.c...
compiling stm32f10x_dac.c...
compiling stm32f10x_dbgmcu.c...
compiling stm32f10x_dma.c...
compiling stm32f10x_exti.c...
compiling stm32f10x_flash.c...
compiling stm32f10x_fsmc.c...
compiling stm32f10x_gpio.c...
compiling stm32f10x_i2c.c...
compiling stm32f10x_iwdg.c...
compiling stm32f10x_pwr.c...
compiling stm32f10x_rcc.c...
compiling stm32f10x_rtc.c...
compiling stm32f10x_sdio.c...
compiling stm32f10x_spi.c...
compiling stm32f10x_tim.c...
compiling stm32f10x_usart.c...
compiling stm32f10x_wwdg.c...
compiling sys.c...
compiling delay.c...
compiling key.c...
compiling led.c...
compiling timer.c...
..\HAREWARE\TIMER\timer.h(8): warning:  #1-D: last line of file ends without a newline
  #endif
..\HAREWARE\USART2\usart2.h(62): warning:  #1-D: last line of file ends without a newline
  #endif
..\HAREWARE\MOTOR\motor.h(27): warning:  #1-D: last line of file ends without a newline
  #endif
..\HAREWARE\TIMER\timer.c(96): warning:  #1-D: last line of file ends without a newline
  //}
..\HAREWARE\TIMER\timer.c: 4 warnings, 0 errors
compiling pwm.c...
..\HAREWARE\PWM\pwm.h(10): warning:  #1-D: last line of file ends without a newline
  #endif
..\HAREWARE\PWM\pwm.c: 1 warning, 0 errors
compiling foot.c...
..\HAREWARE\MOTOR\motor.h(27): warning:  #1-D: last line of file ends without a newline
  #endif
..\HAREWARE\USART3\usart3.h(64): warning:  #1-D: last line of file ends without a newline
  #endif
..\HAREWARE\USART5\usart5.h(63): warning:  #1-D: last line of file ends without a newline
  #endif
..\HAREWARE\FOOT\foot.c(659): warning:  #1-D: last line of file ends without a newline
  }
..\HAREWARE\FOOT\foot.c: 4 warnings, 0 errors
compiling motor.c...
..\HAREWARE\MOTOR\motor.h(27): warning:  #1-D: last line of file ends without a newline
  #endif
..\HAREWARE\MOTOR\motor.c: 1 warning, 0 errors
compiling usart2.c...
..\HAREWARE\USART2\usart2.h(62): warning:  #1-D: last line of file ends without a newline
  #endif
..\HAREWARE\USART2\usart2.c(140): warning:  #1-D: last line of file ends without a newline
  //}
..\HAREWARE\USART2\usart2.c: 2 warnings, 0 errors
compiling usart1.c...
..\HAREWARE\USART1\usart1.c(4): warning:  #177-D: variable "TxBuffer" was declared but never referenced
  static unsigned char TxBuffer[256];
..\HAREWARE\USART1\usart1.c(5): warning:  #177-D: variable "count" was declared but never referenced
  static unsigned char count=0;
..\HAREWARE\USART1\usart1.c(6): warning:  #177-D: variable "TxCounter" was declared but never referenced
  static unsigned char TxCounter=0;
..\HAREWARE\USART1\usart1.c: 3 warnings, 0 errors
compiling usart3.c...
..\HAREWARE\USART3\usart3.h(64): warning:  #1-D: last line of file ends without a newline
  #endif
..\HAREWARE\USART3\usart3.c(101): warning:  #1-D: last line of file ends without a newline
  }
..\HAREWARE\USART3\usart3.c: 2 warnings, 0 errors
compiling timer5.c...
..\HAREWARE\TIMER5\timer5.h(7): warning:  #1-D: last line of file ends without a newline
  #endif
..\HAREWARE\MOTOR\motor.h(27): warning:  #1-D: last line of file ends without a newline
  #endif
..\HAREWARE\TIMER5\timer5.c: 2 warnings, 0 errors
compiling usart4.c...
..\HAREWARE\USART4\usart4.c(97): warning:  #1-D: last line of file ends without a newline
  }
..\HAREWARE\USART4\usart4.c: 1 warning, 0 errors
compiling usart5.c...
..\HAREWARE\USART5\usart5.h(63): warning:  #1-D: last line of file ends without a newline
  #endif
..\HAREWARE\USART5\usart5.c(106): warning:  #1-D: last line of file ends without a newline
  }
..\HAREWARE\USART5\usart5.c: 2 warnings, 0 errors
compiling beep.c...
..\HAREWARE\BEEP\beep.c(95): warning:  #1-D: last line of file ends without a newline
        
..\HAREWARE\BEEP\beep.c: 1 warning, 0 errors
linking...
Program Size: Code=15748 RO-data=544 RW-data=800 ZI-data=3448  
FromELF: creating hex file...
"..\OBJ\Test.axf" - 0 Error(s), 29 Warning(s).

<h2>Collection of Component include folders:</h2>
  C:\Users\Administrator\Desktop\战舰+左、右侧角度传感器\USER\RTE
  C:\keil5\ARM\Keil\STM32F1xx_DFP\2.2.0\Device\Include

<h2>Collection of Component Files used:</h2>
</pre>
</body>
</html>
